
=======================================================
  MemPalace Repair
=======================================================

  Palace: /Users/peterwang/.mempalace/palace
  Drawers found: 183069

  Extracting drawers...
  Extracted 183069 drawers
  Backing up to /Users/peterwang/.mempalace/palace.backup...
  Rebuilding collection...
  Re-filed 5000/183069 drawers...
  Re-filed 10000/183069 drawers...
  Re-filed 15000/183069 drawers...
  Re-filed 20000/183069 drawers...
  Re-filed 25000/183069 drawers...
  Re-filed 30000/183069 drawers...
  Re-filed 35000/183069 drawers...
  Re-filed 40000/183069 drawers...
  Re-filed 45000/183069 drawers...
  Re-filed 50000/183069 drawers...
  Re-filed 55000/183069 drawers...
  Re-filed 60000/183069 drawers...
  Re-filed 65000/183069 drawers...
  Re-filed 70000/183069 drawers...
  Re-filed 75000/183069 drawers...
  Re-filed 80000/183069 drawers...
  Re-filed 85000/183069 drawers...
  Re-filed 90000/183069 drawers...
  Re-filed 95000/183069 drawers...
  Re-filed 100000/183069 drawers...
  Re-filed 105000/183069 drawers...
  Re-filed 110000/183069 drawers...
  Re-filed 115000/183069 drawers...
  Re-filed 120000/183069 drawers...
  Re-filed 125000/183069 drawers...
  Re-filed 130000/183069 drawers...
  Re-filed 135000/183069 drawers...
  Re-filed 140000/183069 drawers...
  Re-filed 145000/183069 drawers...
  Re-filed 150000/183069 drawers...
  Re-filed 155000/183069 drawers...
  Re-filed 160000/183069 drawers...
  Re-filed 165000/183069 drawers...
  Re-filed 170000/183069 drawers...
  Re-filed 175000/183069 drawers...
  Re-filed 180000/183069 drawers...
  Re-filed 183069/183069 drawers...

  Repair complete. 183069 drawers rebuilt.
  HNSW verification: hnsw=183,069, sqlite=183,069.
  Backup saved at /Users/peterwang/.mempalace/palace.backup

=======================================================

