
=======================================================
  MemPalace Repair
=======================================================

  Palace: /Users/peterwang/.mempalace/palace
  Drawers found: 172494

  Extracting drawers...
  Extracted 172494 drawers
  Backing up to /Users/peterwang/.mempalace/palace.backup...
  Rebuilding collection...
  Re-filed 5000/172494 drawers...
  Re-filed 10000/172494 drawers...
  Re-filed 15000/172494 drawers...
  Re-filed 20000/172494 drawers...
  Re-filed 25000/172494 drawers...
  Re-filed 30000/172494 drawers...
  Re-filed 35000/172494 drawers...
  Re-filed 40000/172494 drawers...
  Re-filed 45000/172494 drawers...
  Re-filed 50000/172494 drawers...
  Re-filed 55000/172494 drawers...
  Re-filed 60000/172494 drawers...
  Re-filed 65000/172494 drawers...
  Re-filed 70000/172494 drawers...
  Re-filed 75000/172494 drawers...
  Re-filed 80000/172494 drawers...
  Re-filed 85000/172494 drawers...
  Re-filed 90000/172494 drawers...
  Re-filed 95000/172494 drawers...
  Re-filed 100000/172494 drawers...
  Re-filed 105000/172494 drawers...
  Re-filed 110000/172494 drawers...
  Re-filed 115000/172494 drawers...
  Re-filed 120000/172494 drawers...
  Re-filed 125000/172494 drawers...
  Re-filed 130000/172494 drawers...
  Re-filed 135000/172494 drawers...
  Re-filed 140000/172494 drawers...
  Re-filed 145000/172494 drawers...
  Re-filed 150000/172494 drawers...
  Re-filed 155000/172494 drawers...
  Re-filed 160000/172494 drawers...
  Re-filed 165000/172494 drawers...
  Re-filed 170000/172494 drawers...
  Re-filed 172494/172494 drawers...

  Repair complete. 172494 drawers rebuilt.
  HNSW verification: hnsw=172,494, sqlite=172,494.
  Backup saved at /Users/peterwang/.mempalace/palace.backup

=======================================================

REPAIR EXIT: 0
